⚠ Warning: Next.js inferred your workspace root, but it may not be correct.
 We detected multiple lockfiles and selected the directory of /Users/apple/Documents/digitizing/digitizing/package-lock.json as the root directory.
 To silence this warning, set `turbopack.root` in your Next.js config, or consider removing one of the lockfiles if it's not needed.
   See https://nextjs.org/docs/app/api-reference/config/next-config-js/turbopack#root-directory for more information.
 Detected additional lockfiles: 
   * /Users/apple/Documents/digitizing/digitizing/digitizing/package-lock.json

▲ Next.js 16.1.6 (Turbopack)
- Environments: .env.local

  Creating an optimized production build ...
✓ Compiled successfully in 2.4s
  Running TypeScript ...
  Collecting page data using 9 workers ...
  Generating static pages using 9 workers (0/35) ...
  Generating static pages using 9 workers (8/35) 
  Generating static pages using 9 workers (17/35) 
  Generating static pages using 9 workers (26/35) 
✓ Generating static pages using 9 workers (35/35) in 1680.8ms
  Finalizing page optimization ...

Route (app)                   Revalidate  Expire
┌ ○ /
├ ○ /_not-found
├ ○ /about
├ ƒ /admin
├ ƒ /admin/edit/[id]
├ ƒ /admin/login
├ ƒ /admin/new
├ ƒ /api/admin/login
├ ƒ /api/admin/logout
├ ƒ /api/admin/posts
├ ƒ /api/admin/posts/[id]
├ ƒ /api/admin/upload
├ ƒ /api/send-confirmation
├ ○ /blog                             1m      1y
├ ● /blog/[slug]
├ ○ /contact
├ ○ /free-instant-quote
├ ○ /robots.txt
├ ○ /samples
├ ○ /services
├ ● /services/[slug]
│ ├ /services/back-patches
│ ├ /services/biker-patches
│ ├ /services/cotton-patches
│ └ [+15 more paths]
├ ○ /sitemap.xml                      1h      1y
└ ƒ /uploads/[filename]


○  (Static)   prerendered as static content
●  (SSG)      prerendered as static HTML (uses generateStaticParams)
ƒ  (Dynamic)  server-rendered on demand

